
================================================================
       CUSTOM GPU - FULL TEST SUITE                             
       Designed for GPT-2 Inference on FPGA                     
================================================================

--- Phase 1: Core Compute Primitives ---
  [P1] zero_detect_mult ... 7/7 PASS
  [P1] variable_precision_alu ... 9/9 PASS
  [P1] sparse_memory_ctrl ... 6/6 PASS
  [P1] fused_dequantizer ... 8/8 PASS
  [P1] gpu_top ... 5/5 PASS

--- Phase 2: Extended Compute Modules ---
  [P2] mac_unit ... 8/8 PASS
  [P2] systolic_array ... 3/3 PASS
  [P2] gelu_activation ... 9/9 PASS
  [P2] softmax_unit ... 5/5 PASS

--- Phase 3: Transformer Building Blocks ---
  [P3] layer_norm ... 3/3 PASS
  [P3] linear_layer ... 2/2 PASS
  [P3] attention_unit ... 2/2 PASS
  [P3] ffn_block ... 1/1 PASS

--- Phase 4: GPT-2 Full Pipeline ---
  [P4] embedding_lookup ... 2/2 PASS
  [P4] gpt2_engine_FULL ... 1/1 PASS
  [P4] accel_gpt2_engine ... 3/3 PASS

--- Phase 5: Memory Interface ---
  [P5] axi_weight_memory ... 8/8 PASS
  [P5] dma_engine ... 9/9 PASS
  [P5] scratchpad ... 6/6 PASS

--- Phase 6: Top-Level Control ---
  [P6] command_processor ... 7/7 PASS
  [P6] perf_counters ... 11/11 PASS
  [P6] gpu_config_regs ... 9/9 PASS
  [P6] reset_synchronizer ... 5/5 PASS

--- Phase 7: System Integration ---
  [P7] gpu_system_top ... 8/8 PASS

--- Phase 8: Architecture Improvements ---
  [P8] online_softmax ... 6/6 PASS
  [P8] sparsity_decoder_2_4 ... 6/6 PASS
  [P8] activation_compressor ... 5/5 PASS
  [P8] weight_double_buffer ... 5/5 PASS
  [P8] parallel_attention ... 5/5 PASS
  [P8] token_scheduler ... 4/4 PASS
  [P8] power_management_unit ... 6/6 PASS

--- Phase 9: Advanced SOTA Integrations ---
  [P9] w4a8_decompressor ... 4/4 PASS
  [P9] moe_router ... 4/4 PASS

--- Phase 10: New Features ---
  [P10] speculative_decode_engine ... 5/5 PASS
  [P10] paged_attention_mmu ... 10/10 PASS

--- Phase 11: Closing SOTA Gaps ---
  [P11] flash_attention_unit ... 5/5 PASS
  [P11] mixed_precision_decompressor ... 5/5 PASS
  [P11] q4_weight_pipeline ... 5/5 PASS

--- Phase 13: Novel Breakthrough Features ---
  [P13] ternary_mac_engine ... 5/5 PASS
  [P13] rope_encoder ... 4/4 PASS
  [P13] grouped_query_attention ... 5/5 PASS
  [P13] kv_cache_quantizer ... 6/6 PASS
  [P13] medusa_head_predictor ... 4/4 PASS
  [P13] prefetch_engine ... 6/6 PASS

--- Phase 14: Memory Bandwidth Solutions ---
  [P14] multibank_sram_controller ... 5/5 PASS
  [P14] compute_in_sram ... 5/5 PASS
  [P14] hbm_controller ... 5/5 PASS

--- Phase 15: Speed Optimizations ---
  [P15] simd_ternary_engine ... 5/5 PASS
  [P15] parallel_softmax ... 4/4 PASS
  [P15] layer_pipeline_controller ... 5/5 PASS

--- Phase 16: End-to-End Pipeline Integration ---
  [P16] optimized_transformer_layer ... 12/12 PASS

--- Phase 17: Continuation Integrations ---
  [P17] block_dequantizer ... 2/2 PASS
  [P17] systolic_array_q4 ... 4/4 PASS
  [P17] nanogpt_q4_e2e ... 4/4 PASS
  [P17] gpu_system_top_v2 ... 16/16 PASS

================================================================
                    TEST RESULTS SUMMARY                        
================================================================

  Modules tested : 55
  Total PASS     : 309
  Total FAIL     : 0


Phase Module                       Status Tests
----- ------                       ------ -----
P1    zero_detect_mult             PASS   7/7  
P1    variable_precision_alu       PASS   9/9  
P1    sparse_memory_ctrl           PASS   6/6  
P1    fused_dequantizer            PASS   8/8  
P1    gpu_top                      PASS   5/5  
P2    mac_unit                     PASS   8/8  
P2    systolic_array               PASS   3/3  
P2    gelu_activation              PASS   9/9  
P2    softmax_unit                 PASS   5/5  
P3    layer_norm                   PASS   3/3  
P3    linear_layer                 PASS   2/2  
P3    attention_unit               PASS   2/2  
P3    ffn_block                    PASS   1/1  
P4    embedding_lookup             PASS   2/2  
P4    gpt2_engine_FULL             PASS   1/1  
P4    accel_gpt2_engine            PASS   3/3  
P5    axi_weight_memory            PASS   8/8  
P5    dma_engine                   PASS   9/9  
P5    scratchpad                   PASS   6/6  
P6    command_processor            PASS   7/7  
P6    perf_counters                PASS   11/11
P6    gpu_config_regs              PASS   9/9  
P6    reset_synchronizer           PASS   5/5  
P7    gpu_system_top               PASS   8/8  
P8    online_softmax               PASS   6/6  
P8    sparsity_decoder_2_4         PASS   6/6  
P8    activation_compressor        PASS   5/5  
P8    weight_double_buffer         PASS   5/5  
P8    parallel_attention           PASS   5/5  
P8    token_scheduler              PASS   4/4  
P8    power_management_unit        PASS   6/6  
P9    w4a8_decompressor            PASS   4/4  
P9    moe_router                   PASS   4/4  
P10   speculative_decode_engine    PASS   5/5  
P10   paged_attention_mmu          PASS   10/10
P11   flash_attention_unit         PASS   5/5  
P11   mixed_precision_decompressor PASS   5/5  
P11   q4_weight_pipeline           PASS   5/5  
P13   ternary_mac_engine           PASS   5/5  
P13   rope_encoder                 PASS   4/4  
P13   grouped_query_attention      PASS   5/5  
P13   kv_cache_quantizer           PASS   6/6  
P13   medusa_head_predictor        PASS   4/4  
P13   prefetch_engine              PASS   6/6  
P14   multibank_sram_controller    PASS   5/5  
P14   compute_in_sram              PASS   5/5  
P14   hbm_controller               PASS   5/5  
P15   simd_ternary_engine          PASS   5/5  
P15   parallel_softmax             PASS   4/4  
P15   layer_pipeline_controller    PASS   5/5  
P16   optimized_transformer_layer  PASS   12/12
P17   block_dequantizer            PASS   2/2  
P17   systolic_array_q4            PASS   4/4  
P17   nanogpt_q4_e2e               PASS   4/4  
P17   gpu_system_top_v2            PASS   16/16


  >>> ALL TESTS PASSED - GPU READY FOR DEPLOYMENT <<<

